npm notice run pjb-dr-dashboard@2.2.0 npx
npm notice run 'vercel' --prod --force
Vercel CLI 59.1.3 (Node.js 26.4.0)
Deploying restreamer-ai
  Inspect         https://vercel.com/peterjbardenhagens-projects/restreamer-ai/Em7BamrZmVQyA4bTfd4HDF2vLayB
  Production      https://restreamer-3e5jhe6eq-peterjbardenhagens-projects.vercel.app
https://restreamer-3e5jhe6eq-peterjbardenhagens-projects.vercel.appBuilding…
Building…
Running build in Washington, D.C., USA (East) – iad1
Build machine configuration: 2 cores, 8 GB
Retrieving list of deployment files...
Skipping build cache, deployment was triggered without cache.
Downloading 1052 deployment files...
Warning: "vercel" found in project dependencies and will be ignored.
Running "vercel build"
Vercel CLI 59.1.4
Installing dependencies...
npm warn deprecated stream-to-promise@2.2.0: Deprecated. Use node:stream/promises and node:stream/consumers instead.
npm warn deprecated rimraf@2.7.1: Rimraf versions prior to v4 are no longer supported
npm warn deprecated lodash.isequal@4.5.0: This package is deprecated. Use require('node:util').isDeepStrictEqual instead.
npm warn deprecated inflight@1.0.6: This module is not supported, and leaks memory. Do not use it. Check out lru-cache if you want a good and tested way to coalesce async requests by a key value, which is much more comprehensive and powerful.
npm warn deprecated fstream@1.0.12: This package is no longer supported.
npm warn deprecated glob@7.2.3: Old versions of glob are not supported, and contain widely publicized security vulnerabilities, which have been fixed in the current version. Please update. Support for old versions may be purchased (at exorbitant rates) by contacting i@izs.me
npm warn deprecated glob@7.2.3: Old versions of glob are not supported, and contain widely publicized security vulnerabilities, which have been fixed in the current version. Please update. Support for old versions may be purchased (at exorbitant rates) by contacting i@izs.me
npm warn deprecated glob@7.2.3: Old versions of glob are not supported, and contain widely publicized security vulnerabilities, which have been fixed in the current version. Please update. Support for old versions may be purchased (at exorbitant rates) by contacting i@izs.me
npm warn deprecated uuid@8.3.2: uuid@10 and below is no longer supported.  For ESM codebases, update to uuid@latest.  For CommonJS codebases, use uuid@11 (but be aware this version will likely be deprecated in 2028).
