npm notice run pjb-dr-dashboard@2.2.0 npx
npm notice run 'vercel' --prod
Vercel CLI 59.1.3 (Node.js 26.4.0)
Deploying restreamer-ai
  Inspect         https://vercel.com/peterjbardenhagens-projects/restreamer-ai/4sJCEEhaDG3Y5buQuQK7wN4MRkrV
  Production      https://restreamer-j320n2g8t-peterjbardenhagens-projects.vercel.app
https://restreamer-j320n2g8t-peterjbardenhagens-projects.vercel.appBuilding…
Building…
Running build in Washington, D.C., USA (East) – iad1
Build machine configuration: 2 cores, 8 GB
Retrieving list of deployment files...
Downloading 1052 deployment files...
Restored build cache from previous deployment (4xqoWM2mC7XP5KVvYY71d4hpgf1h)
Warning: "vercel" found in project dependencies and will be ignored.
Running "vercel build"
Vercel CLI 59.1.4
Installing dependencies...
up to date in 2s
226 packages are looking for funding
run `npm fund` for details
npm warn allow-scripts 4 packages have install scripts not yet covered by allowScripts:
npm warn allow-scripts   @swc/core@1.15.47 (postinstall: node postinstall.js)
npm warn allow-scripts   esbuild@0.27.0 (postinstall: node install.js)
npm warn allow-scripts   puppeteer@25.5.0 (postinstall: node install.mjs)
npm warn allow-scripts   unrs-resolver@1.12.2 (postinstall: node postinstall.js)
npm warn allow-scripts
npm warn allow-scripts Run `npm approve-scripts --allow-scripts-pending` to review, or `npm approve-scripts <pkg>` to allow.
Detected Next.js version: 16.3.0
Running "npm run build"
> pjb-dr-dashboard@2.2.0 prebuild
> node scripts/generate-build-info.mjs && node scripts/check-pages.mjs
[build-info] v2.2.0 (1e5c566) @ 2026-08-21T01:54:48.855Z
✓ all 68 routes registered (23 in nav, 45 search-only)
> pjb-dr-dashboard@2.2.0 build
> next build --webpack
▲ Next.js 16.3.0 (webpack)
- Environments: .env
Applying modifyConfig from Vercel
✓ Running next.config.ts took 237ms
Creating an optimized production build ...
