npm notice run pjb-dr-dashboard@2.2.0 npx
npm notice run 'vercel' --prod
Vercel CLI 59.1.3 (Node.js 26.4.0)
Deploying dashypjb
  Inspect         https://vercel.com/peterjbardenhagens-projects/dashypjb/J8wHQCihqNcwQr6yWJxxQQNaFojD
  Production      https://dashypjb-5vop7t3vh-peterjbardenhagens-projects.vercel.app
https://dashypjb-5vop7t3vh-peterjbardenhagens-projects.vercel.appBuilding…
npm notice run pjb-dr-dashboard@2.2.0 npx
npm notice run 'vercel' --prod
Vercel CLI 59.1.3 (Node.js 26.4.0)
Deploying dashypjb
  Inspect         https://vercel.com/peterjbardenhagens-projects/dashypjb/5z7rrHes6hJwE8a6hkm4kTX9ZJag
  Production      https://dashypjb-60a5f427o-peterjbardenhagens-projects.vercel.app
https://dashypjb-60a5f427o-peterjbardenhagens-projects.vercel.appBuilding…
Building…
Running build in Washington, D.C., USA (East) – iad1
Build machine configuration: 2 cores, 8 GB
Retrieving list of deployment files...
Downloading 1052 deployment files...
Restored build cache from previous deployment (PWsEK1KvYo9DPVwVJD5f1qsDYfVi)
Warning: "vercel" found in project dependencies and will be ignored.
Running "vercel build"
Vercel CLI 59.1.4
Installing dependencies...
added 6 packages, removed 111 packages, and changed 28 packages in 3s
226 packages are looking for funding
run `npm fund` for details
npm warn allow-scripts 4 packages have install scripts not yet covered by allowScripts:
npm warn allow-scripts   @swc/core@1.15.47 (postinstall: node postinstall.js)
npm warn allow-scripts   esbuild@0.27.0 (postinstall: node install.js)
npm warn allow-scripts   puppeteer@25.5.0 (postinstall: node install.mjs)
npm warn allow-scripts   unrs-resolver@1.12.2 (postinstall: node postinstall.js)
npm warn allow-scripts
npm warn allow-scripts Run `npm approve-scripts --allow-scripts-pending` to review, or `npm approve-scripts <pkg>` to allow.
Detected Next.js version: 16.3.0
Running "npm run build"
> pjb-dr-dashboard@2.2.0 prebuild
> node scripts/generate-build-info.mjs && node scripts/check-pages.mjs
[build-info] v2.2.0 (1e5c566) @ 2026-08-21T00:41:32.365Z
✓ all 68 routes registered (23 in nav, 45 search-only)
> pjb-dr-dashboard@2.2.0 build
> next build --webpack
▲ Next.js 16.3.0 (webpack)
- Environments: .env
Applying modifyConfig from Vercel
✓ Running next.config.ts took 240ms
Creating an optimized production build ...
npm notice run pjb-dr-dashboard@2.2.0 npx
npm notice run 'vercel' --prod
Vercel CLI 59.1.3 (Node.js 26.4.0)
Deploying restreamer-ai
  Inspect         https://vercel.com/peterjbardenhagens-projects/restreamer-ai/Etz11VDzmYrPzbr8hjiQNzzfwjKS
  Production      https://restreamer-bxtomhol2-peterjbardenhagens-projects.vercel.app
https://restreamer-bxtomhol2-peterjbardenhagens-projects.vercel.appBuilding…
Building…
Running build in Washington, D.C., USA (East) – iad1
Build machine configuration: 2 cores, 8 GB
Retrieving list of deployment files...
Previous build caches not available.
Downloading 1052 deployment files...
Warning: "vercel" found in project dependencies and will be ignored.
Running "vercel build"
Vercel CLI 59.1.4
Installing dependencies...
npm warn deprecated stream-to-promise@2.2.0: Deprecated. Use node:stream/promises and node:stream/consumers instead.
npm warn deprecated rimraf@2.7.1: Rimraf versions prior to v4 are no longer supported
npm warn deprecated lodash.isequal@4.5.0: This package is deprecated. Use require('node:util').isDeepStrictEqual instead.
npm warn deprecated inflight@1.0.6: This module is not supported, and leaks memory. Do not use it. Check out lru-cache if you want a good and tested way to coalesce async requests by a key value, which is much more comprehensive and powerful.
npm warn deprecated fstream@1.0.12: This package is no longer supported.
npm warn deprecated glob@7.2.3: Old versions of glob are not supported, and contain widely publicized security vulnerabilities, which have been fixed in the current version. Please update. Support for old versions may be purchased (at exorbitant rates) by contacting i@izs.me
npm warn deprecated glob@7.2.3: Old versions of glob are not supported, and contain widely publicized security vulnerabilities, which have been fixed in the current version. Please update. Support for old versions may be purchased (at exorbitant rates) by contacting i@izs.me
npm warn deprecated glob@7.2.3: Old versions of glob are not supported, and contain widely publicized security vulnerabilities, which have been fixed in the current version. Please update. Support for old versions may be purchased (at exorbitant rates) by contacting i@izs.me
npm warn deprecated uuid@8.3.2: uuid@10 and below is no longer supported.  For ESM codebases, update to uuid@latest.  For CommonJS codebases, use uuid@11 (but be aware this version will likely be deprecated in 2028).
npm notice run pjb-dr-dashboard@2.2.0 npx
npm notice run 'vercel' --prod
Vercel CLI 59.1.3 (Node.js 26.4.0)
Deploying restreamer-ai
  Inspect         https://vercel.com/peterjbardenhagens-projects/restreamer-ai/4xqoWM2mC7XP5KVvYY71d4hpgf1h
  Production      https://restreamer-3zbb9b73p-peterjbardenhagens-projects.vercel.app
https://restreamer-3zbb9b73p-peterjbardenhagens-projects.vercel.appBuilding…
Building…
Running build in Washington, D.C., USA (East) – iad1
Build machine configuration: 2 cores, 8 GB
Retrieving list of deployment files...
Downloading 1052 deployment files...
Restored build cache from previous deployment (Etz11VDzmYrPzbr8hjiQNzzfwjKS)
Warning: "vercel" found in project dependencies and will be ignored.
Running "vercel build"
Vercel CLI 59.1.4
Installing dependencies...
up to date in 2s
226 packages are looking for funding
run `npm fund` for details
npm warn allow-scripts 4 packages have install scripts not yet covered by allowScripts:
npm warn allow-scripts   @swc/core@1.15.47 (postinstall: node postinstall.js)
npm warn allow-scripts   esbuild@0.27.0 (postinstall: node install.js)
npm warn allow-scripts   puppeteer@25.5.0 (postinstall: node install.mjs)
npm warn allow-scripts   unrs-resolver@1.12.2 (postinstall: node postinstall.js)
npm warn allow-scripts
npm warn allow-scripts Run `npm approve-scripts --allow-scripts-pending` to review, or `npm approve-scripts <pkg>` to allow.
Detected Next.js version: 16.3.0
Running "npm run build"
> pjb-dr-dashboard@2.2.0 prebuild
> node scripts/generate-build-info.mjs && node scripts/check-pages.mjs
[build-info] v2.2.0 (1e5c566) @ 2026-08-21T00:52:39.179Z
✓ all 68 routes registered (23 in nav, 45 search-only)
> pjb-dr-dashboard@2.2.0 build
> next build --webpack
▲ Next.js 16.3.0 (webpack)
- Environments: .env
Applying modifyConfig from Vercel
✓ Running next.config.ts took 271ms
Creating an optimized production build ...
